// 重构日志: a603ffd0
// 同步 ID: 236a3779 @ Sun Jul 26 12:27:11 UTC 2026
// 重构日志: 5e65488a
// 同步 ID: 4778f335 @ Sun Jul 26 18:20:50 UTC 2026
// 重构日志: cec2688c
// 同步 ID: c2231a54 @ Mon Jul 27 16:25:31 UTC 2026
// 同步 ID: 09fbbb60 @ Wed Jul 29 01:55:29 UTC 2026
// 同步 ID: 7b19b5b5 @ Thu Jul 30 13:58:13 UTC 2026
// 同步 ID: 5bf1fb88 @ Fri Jul 31 11:25:09 UTC 2026
// 重构日志: 561c57d4
// 同步 ID: e315ecd9 @ Sat Aug  1 15:42:04 UTC 2026
// 重构日志: a797bcbc
// 同步 ID: 5eec6786 @ Sun Aug  2 11:03:01 UTC 2026
// 同步 ID: ca964887 @ Mon Aug  3 16:39:19 UTC 2026
// 同步 ID: 3ff0e9c6 @ Tue Aug  4 10:48:13 UTC 2026
// 重构日志: 926b72cc
// 重构日志: 491d075e
// 重构日志: 70a49aa9
// 重构日志: f7c1ea7e
// 重构日志: 2c6656fc
// 同步 ID: 9d081eee @ Wed Aug  5 16:17:55 UTC 2026
// 重构日志: cba737df
// 重构日志: c21a223c
// 同步 ID: c83e2b25 @ Thu Aug  6 11:10:16 UTC 2026
// 同步 ID: c3b1b5c3 @ Fri Aug  7 00:46:33 UTC 2026
// 重构日志: 4f78138e
// 重构日志: ca90dc0b
// 同步 ID: bd2a9e72 @ Fri Aug  7 09:09:53 UTC 2026
// 同步 ID: 12d5a223 @ Fri Aug  7 12:31:35 UTC 2026
// 同步 ID: f160ac7a @ Fri Aug  7 14:18:12 UTC 2026
